01:26:33 **** Incremental Build of configuration Debug for project Proyecto Trabajo ****
make -j4 all 
arm-none-eabi-gcc "../USB_HOST/App/usb_host.c" -mcpu=cortex-m4 -std=gnu11 -g3 -DDEBUG -DUSE_HAL_DRIVER -DSTM32F411xE -c -I../USB_HOST/App -I../USB_HOST/Target -I../Core/Inc -I../Drivers/STM32F4xx_HAL_Driver/Inc -I../Drivers/STM32F4xx_HAL_Driver/Inc/Legacy -I../Middlewares/ST/STM32_USB_Host_Library/Core/Inc -I../Drivers/CMSIS/Device/ST/STM32F4xx/Include -I../Drivers/CMSIS/Include -I../FATFS/Target -I../FATFS/App -I../Middlewares/Third_Party/FatFs/src -I../Middlewares/ST/STM32_USB_Host_Library/Class/MSC/Inc -O0 -ffunction-sections -fdata-sections -Wall -fstack-usage -fcyclomatic-complexity -MMD -MP -MF"USB_HOST/App/usb_host.d" -MT"USB_HOST/App/usb_host.o" --specs=nano.specs -mfpu=fpv4-sp-d16 -mfloat-abi=hard -mthumb -o "USB_HOST/App/usb_host.o"
../USB_HOST/App/usb_host.c:53:18: warning: initialization of 'uint8_t' {aka 'unsigned char'} from 'char *' makes integer from pointer without a cast [-Wint-conversion]
   53 | uint8_t oktext = "USB mounted !";
      |                  ^~~~~~~~~~~~~~~
../USB_HOST/App/usb_host.c:53:18: error: initializer element is not computable at load time
../USB_HOST/App/usb_host.c:54:17: warning: initialization of 'uint8_t' {aka 'unsigned char'} from 'char *' makes integer from pointer without a cast [-Wint-conversion]
   54 | uint8_t etext = "USB not mounted !";
      |                 ^~~~~~~~~~~~~~~~~~~
../USB_HOST/App/usb_host.c:54:17: error: initializer element is not computable at load time
../USB_HOST/App/usb_host.c: In function 'USBH_UserProcess':
../USB_HOST/App/usb_host.c:170:19: warning: passing argument 1 of 'f_close' from incompatible pointer type [-Wincompatible-pointer-types]
  170 |           f_close(&dir);
      |                   ^~~~
      |                   |
      |                   DIR *
In file included from ../USB_HOST/App/usb_host.c:26:
../Middlewares/Third_Party/FatFs/src/ff.h:243:23: note: expected 'FIL *' but argument is of type 'DIR *'
  243 | FRESULT f_close (FIL* fp);                                                                                      /* Close an open file object */
      |                  ~~~~~^~
make: *** [USB_HOST/App/subdir.mk:19: USB_HOST/App/usb_host.o] Error 1
"make -j4 all" terminated with exit code 2. Build might be incomplete.
01:33:41 **** Incremental Build of configuration Debug for project Proyecto Trabajo ****
make -j4 all 
arm-none-eabi-gcc "../USB_HOST/App/usb_host.c" -mcpu=cortex-m4 -std=gnu11 -g3 -DDEBUG -DUSE_HAL_DRIVER -DSTM32F411xE -c -I../USB_HOST/App -I../USB_HOST/Target -I../Core/Inc -I../Drivers/STM32F4xx_HAL_Driver/Inc -I../Drivers/STM32F4xx_HAL_Driver/Inc/Legacy -I../Middlewares/ST/STM32_USB_Host_Library/Core/Inc -I../Drivers/CMSIS/Device/ST/STM32F4xx/Include -I../Drivers/CMSIS/Include -I../FATFS/Target -I../FATFS/App -I../Middlewares/Third_Party/FatFs/src -I../Middlewares/ST/STM32_USB_Host_Library/Class/MSC/Inc -O0 -ffunction-sections -fdata-sections -Wall -fstack-usage -fcyclomatic-complexity -MMD -MP -MF"USB_HOST/App/usb_host.d" -MT"USB_HOST/App/usb_host.o" --specs=nano.specs -mfpu=fpv4-sp-d16 -mfloat-abi=hard -mthumb -o "USB_HOST/App/usb_host.o"
../USB_HOST/App/usb_host.c:53:18: warning: initialization of 'uint8_t' {aka 'unsigned char'} from 'char *' makes integer from pointer without a cast [-Wint-conversion]
   53 | uint8_t oktext = "USB mounted !";
      |                  ^~~~~~~~~~~~~~~
../USB_HOST/App/usb_host.c:53:18: error: initializer element is not computable at load time
../USB_HOST/App/usb_host.c:54:17: warning: initialization of 'uint8_t' {aka 'unsigned char'} from 'char *' makes integer from pointer without a cast [-Wint-conversion]
   54 | uint8_t etext = "USB not mounted !";
      |                 ^~~~~~~~~~~~~~~~~~~
../USB_HOST/App/usb_host.c:54:17: error: initializer element is not computable at load time
../USB_HOST/App/usb_host.c: In function 'scanMp3Music':
../USB_HOST/App/usb_host.c:86:17: warning: passing argument 1 of 'f_close' from incompatible pointer type [-Wincompatible-pointer-types]
   86 |         f_close(&dir);
      |                 ^~~~
      |                 |
      |                 DIR *
In file included from ../USB_HOST/App/usb_host.c:26:
../Middlewares/Third_Party/FatFs/src/ff.h:243:23: note: expected 'FIL *' but argument is of type 'DIR *'
  243 | FRESULT f_close (FIL* fp);                                                                                      /* Close an open file object */
      |                  ~~~~~^~
make: *** [USB_HOST/App/subdir.mk:19: USB_HOST/App/usb_host.o] Error 1
"make -j4 all" terminated with exit code 2. Build might be incomplete.
01:35:46 **** Incremental Build of configuration Debug for project Proyecto Trabajo ****
make -j4 all 
arm-none-eabi-gcc "../USB_HOST/App/usb_host.c" -mcpu=cortex-m4 -std=gnu11 -g3 -DDEBUG -DUSE_HAL_DRIVER -DSTM32F411xE -c -I../USB_HOST/App -I../USB_HOST/Target -I../Core/Inc -I../Drivers/STM32F4xx_HAL_Driver/Inc -I../Drivers/STM32F4xx_HAL_Driver/Inc/Legacy -I../Middlewares/ST/STM32_USB_Host_Library/Core/Inc -I../Drivers/CMSIS/Device/ST/STM32F4xx/Include -I../Drivers/CMSIS/Include -I../FATFS/Target -I../FATFS/App -I../Middlewares/Third_Party/FatFs/src -I../Middlewares/ST/STM32_USB_Host_Library/Class/MSC/Inc -O0 -ffunction-sections -fdata-sections -Wall -fstack-usage -fcyclomatic-complexity -MMD -MP -MF"USB_HOST/App/usb_host.d" -MT"USB_HOST/App/usb_host.o" --specs=nano.specs -mfpu=fpv4-sp-d16 -mfloat-abi=hard -mthumb -o "USB_HOST/App/usb_host.o"
../USB_HOST/App/usb_host.c:53:24: warning: initialization of 'uint8_t' {aka 'const unsigned char'} from 'char *' makes integer from pointer without a cast [-Wint-conversion]
   53 | const uint8_t oktext = "USB mounted !";
      |                        ^~~~~~~~~~~~~~~
../USB_HOST/App/usb_host.c:53:24: error: initializer element is not computable at load time
../USB_HOST/App/usb_host.c:54:23: warning: initialization of 'uint8_t' {aka 'const unsigned char'} from 'char *' makes integer from pointer without a cast [-Wint-conversion]
   54 | const uint8_t etext = "USB not mounted !";
      |                       ^~~~~~~~~~~~~~~~~~~
../USB_HOST/App/usb_host.c:54:23: error: initializer element is not computable at load time
../USB_HOST/App/usb_host.c: In function 'scanMp3Music':
../USB_HOST/App/usb_host.c:86:17: warning: passing argument 1 of 'f_close' from incompatible pointer type [-Wincompatible-pointer-types]
   86 |         f_close(&dir);
      |                 ^~~~
      |                 |
      |                 DIR *
In file included from ../USB_HOST/App/usb_host.c:26:
../Middlewares/Third_Party/FatFs/src/ff.h:243:23: note: expected 'FIL *' but argument is of type 'DIR *'
  243 | FRESULT f_close (FIL* fp);                                                                                      /* Close an open file object */
      |                  ~~~~~^~
make: *** [USB_HOST/App/subdir.mk:19: USB_HOST/App/usb_host.o] Error 1
"make -j4 all" terminated with exit code 2. Build might be incomplete.
01:36:10 **** Incremental Build of configuration Debug for project Proyecto Trabajo ****
make -j4 all 
arm-none-eabi-gcc "../USB_HOST/App/usb_host.c" -mcpu=cortex-m4 -std=gnu11 -g3 -DDEBUG -DUSE_HAL_DRIVER -DSTM32F411xE -c -I../USB_HOST/App -I../USB_HOST/Target -I../Core/Inc -I../Drivers/STM32F4xx_HAL_Driver/Inc -I../Drivers/STM32F4xx_HAL_Driver/Inc/Legacy -I../Middlewares/ST/STM32_USB_Host_Library/Core/Inc -I../Drivers/CMSIS/Device/ST/STM32F4xx/Include -I../Drivers/CMSIS/Include -I../FATFS/Target -I../FATFS/App -I../Middlewares/Third_Party/FatFs/src -I../Middlewares/ST/STM32_USB_Host_Library/Class/MSC/Inc -O0 -ffunction-sections -fdata-sections -Wall -fstack-usage -fcyclomatic-complexity -MMD -MP -MF"USB_HOST/App/usb_host.d" -MT"USB_HOST/App/usb_host.o" --specs=nano.specs -mfpu=fpv4-sp-d16 -mfloat-abi=hard -mthumb -o "USB_HOST/App/usb_host.o"
../USB_HOST/App/usb_host.c: In function 'scanMp3Music':
../USB_HOST/App/usb_host.c:86:17: warning: passing argument 1 of 'f_close' from incompatible pointer type [-Wincompatible-pointer-types]
   86 |         f_close(&dir);
      |                 ^~~~
      |                 |
      |                 DIR *
In file included from ../USB_HOST/App/usb_host.c:26:
../Middlewares/Third_Party/FatFs/src/ff.h:243:23: note: expected 'FIL *' but argument is of type 'DIR *'
  243 | FRESULT f_close (FIL* fp);                                                                                      /* Close an open file object */
      |                  ~~~~~^~
arm-none-eabi-g++ -o "Proyecto Trabajo.elf" @"objects.list"   -mcpu=cortex-m4 -T"D:\Trabajo-SED-Micros\Proyecto Trabajo\STM32F411VETX_FLASH.ld" --specs=nosys.specs -Wl,-Map="Proyecto Trabajo.map" -Wl,--gc-sections -static --specs=nano.specs -mfpu=fpv4-sp-d16 -mfloat-abi=hard -mthumb -Wl,--start-group -lc -lm -lstdc++ -lsupc++ -Wl,--end-group
Finished building target: Proyecto Trabajo.elf
 
arm-none-eabi-size  Proyecto\ Trabajo.elf 
arm-none-eabi-objdump -h -S Proyecto\ Trabajo.elf  > "Proyecto Trabajo.list"
   text	   data	    bss	    dec	    hex	filename
  51736	    144	   4464	  56344	   dc18	Proyecto Trabajo.elf
Finished building: default.size.stdout
 
Finished building: Proyecto Trabajo.list
 
01:44:58 **** Incremental Build of configuration Debug for project Proyecto Trabajo ****
make -j4 all 
arm-none-eabi-gcc "../USB_HOST/App/usb_host.c" -mcpu=cortex-m4 -std=gnu11 -g3 -DDEBUG -DUSE_HAL_DRIVER -DSTM32F411xE -c -I../USB_HOST/App -I../USB_HOST/Target -I../Core/Inc -I../Drivers/STM32F4xx_HAL_Driver/Inc -I../Drivers/STM32F4xx_HAL_Driver/Inc/Legacy -I../Middlewares/ST/STM32_USB_Host_Library/Core/Inc -I../Drivers/CMSIS/Device/ST/STM32F4xx/Include -I../Drivers/CMSIS/Include -I../FATFS/Target -I../FATFS/App -I../Middlewares/Third_Party/FatFs/src -I../Middlewares/ST/STM32_USB_Host_Library/Class/MSC/Inc -O0 -ffunction-sections -fdata-sections -Wall -fstack-usage -fcyclomatic-complexity -MMD -MP -MF"USB_HOST/App/usb_host.d" -MT"USB_HOST/App/usb_host.o" --specs=nano.specs -mfpu=fpv4-sp-d16 -mfloat-abi=hard -mthumb -o "USB_HOST/App/usb_host.o"
../USB_HOST/App/usb_host.c: In function 'scanMp3Music':
../USB_HOST/App/usb_host.c:84:40: warning: too many arguments for format [-Wformat-extra-args]
   84 |                                 printf("Se han encontrado &d canciones", numf);
      |                                        ^~~~~~~~~~~~~~~~~~~~~~~~~~~~~~~~
../USB_HOST/App/usb_host.c:87:17: warning: passing argument 1 of 'f_close' from incompatible pointer type [-Wincompatible-pointer-types]
   87 |         f_close(&dir);
      |                 ^~~~
      |                 |
      |                 DIR *
In file included from ../USB_HOST/App/usb_host.c:26:
../Middlewares/Third_Party/FatFs/src/ff.h:243:23: note: expected 'FIL *' but argument is of type 'DIR *'
  243 | FRESULT f_close (FIL* fp);                                                                                      /* Close an open file object */
      |                  ~~~~~^~
arm-none-eabi-g++ -o "Proyecto Trabajo.elf" @"objects.list"   -mcpu=cortex-m4 -T"D:\Trabajo-SED-Micros\Proyecto Trabajo\STM32F411VETX_FLASH.ld" --specs=nosys.specs -Wl,-Map="Proyecto Trabajo.map" -Wl,--gc-sections -static --specs=nano.specs -mfpu=fpv4-sp-d16 -mfloat-abi=hard -mthumb -Wl,--start-group -lc -lm -lstdc++ -lsupc++ -Wl,--end-group
Finished building target: Proyecto Trabajo.elf
 
arm-none-eabi-size  Proyecto\ Trabajo.elf 
arm-none-eabi-objdump -h -S Proyecto\ Trabajo.elf  > "Proyecto Trabajo.list"
   text	   data	    bss	    dec	    hex	filename
  51868	    144	   4464	  56476	   dc9c	Proyecto Trabajo.elf
Finished building: default.size.stdout
 
Finished building: Proyecto Trabajo.list
 
01:48:44 **** Incremental Build of configuration Debug for project Proyecto Trabajo ****
make -j4 all 
arm-none-eabi-size  Proyecto\ Trabajo.elf 
   text	   data	    bss	    dec	    hex	filename
  51868	    144	   4464	  56476	   dc9c	Proyecto Trabajo.elf
Finished building: default.size.stdout
 
02:00:25 **** Incremental Build of configuration Debug for project Proyecto Trabajo ****
make -j4 all 
arm-none-eabi-gcc "../USB_HOST/App/usb_host.c" -mcpu=cortex-m4 -std=gnu11 -g3 -DDEBUG -DUSE_HAL_DRIVER -DSTM32F411xE -c -I../USB_HOST/App -I../USB_HOST/Target -I../Core/Inc -I../Drivers/STM32F4xx_HAL_Driver/Inc -I../Drivers/STM32F4xx_HAL_Driver/Inc/Legacy -I../Middlewares/ST/STM32_USB_Host_Library/Core/Inc -I../Drivers/CMSIS/Device/ST/STM32F4xx/Include -I../Drivers/CMSIS/Include -I../FATFS/Target -I../FATFS/App -I../Middlewares/Third_Party/FatFs/src -I../Middlewares/ST/STM32_USB_Host_Library/Class/MSC/Inc -O0 -ffunction-sections -fdata-sections -Wall -fstack-usage -fcyclomatic-complexity -MMD -MP -MF"USB_HOST/App/usb_host.d" -MT"USB_HOST/App/usb_host.o" --specs=nano.specs -mfpu=fpv4-sp-d16 -mfloat-abi=hard -mthumb -o "USB_HOST/App/usb_host.o"
../USB_HOST/App/usb_host.c: In function 'scanMp3Music':
../USB_HOST/App/usb_host.c:84:40: warning: too many arguments for format [-Wformat-extra-args]
   84 |                                 printf("Se han encontrado &d canciones.\n", numf);
      |                                        ^~~~~~~~~~~~~~~~~~~~~~~~~~~~~~~~~~~
../USB_HOST/App/usb_host.c:87:25: warning: passing argument 1 of 'f_close' from incompatible pointer type [-Wincompatible-pointer-types]
   87 |                 f_close(&dir);
      |                         ^~~~
      |                         |
      |                         DIR *
In file included from ../USB_HOST/App/usb_host.c:26:
../Middlewares/Third_Party/FatFs/src/ff.h:243:23: note: expected 'FIL *' but argument is of type 'DIR *'
  243 | FRESULT f_close (FIL* fp);                                                                                      /* Close an open file object */
      |                  ~~~~~^~
../USB_HOST/App/usb_host.c: In function 'USBH_UserProcess':
../USB_HOST/App/usb_host.c:185:19: error: 'isIndexded' undeclared (first use in this function); did you mean 'isIndexed'?
  185 |                   isIndexded = 1;
      |                   ^~~~~~~~~~
      |                   isIndexed
../USB_HOST/App/usb_host.c:185:19: note: each undeclared identifier is reported only once for each function it appears in
make: *** [USB_HOST/App/subdir.mk:19: USB_HOST/App/usb_host.o] Error 1
"make -j4 all" terminated with exit code 2. Build might be incomplete.
02:01:11 **** Incremental Build of configuration Debug for project Proyecto Trabajo ****
make -j4 all 
arm-none-eabi-gcc "../USB_HOST/App/usb_host.c" -mcpu=cortex-m4 -std=gnu11 -g3 -DDEBUG -DUSE_HAL_DRIVER -DSTM32F411xE -c -I../USB_HOST/App -I../USB_HOST/Target -I../Core/Inc -I../Drivers/STM32F4xx_HAL_Driver/Inc -I../Drivers/STM32F4xx_HAL_Driver/Inc/Legacy -I../Middlewares/ST/STM32_USB_Host_Library/Core/Inc -I../Drivers/CMSIS/Device/ST/STM32F4xx/Include -I../Drivers/CMSIS/Include -I../FATFS/Target -I../FATFS/App -I../Middlewares/Third_Party/FatFs/src -I../Middlewares/ST/STM32_USB_Host_Library/Class/MSC/Inc -O0 -ffunction-sections -fdata-sections -Wall -fstack-usage -fcyclomatic-complexity -MMD -MP -MF"USB_HOST/App/usb_host.d" -MT"USB_HOST/App/usb_host.o" --specs=nano.specs -mfpu=fpv4-sp-d16 -mfloat-abi=hard -mthumb -o "USB_HOST/App/usb_host.o"
../USB_HOST/App/usb_host.c: In function 'scanMp3Music':
../USB_HOST/App/usb_host.c:84:40: warning: too many arguments for format [-Wformat-extra-args]
   84 |                                 printf("Se han encontrado &d canciones.\n", numf);
      |                                        ^~~~~~~~~~~~~~~~~~~~~~~~~~~~~~~~~~~
../USB_HOST/App/usb_host.c:87:25: warning: passing argument 1 of 'f_close' from incompatible pointer type [-Wincompatible-pointer-types]
   87 |                 f_close(&dir);
      |                         ^~~~
      |                         |
      |                         DIR *
In file included from ../USB_HOST/App/usb_host.c:26:
../Middlewares/Third_Party/FatFs/src/ff.h:243:23: note: expected 'FIL *' but argument is of type 'DIR *'
  243 | FRESULT f_close (FIL* fp);                                                                                      /* Close an open file object */
      |                  ~~~~~^~
arm-none-eabi-g++ -o "Proyecto Trabajo.elf" @"objects.list"   -mcpu=cortex-m4 -T"D:\Trabajo-SED-Micros\Proyecto Trabajo\STM32F411VETX_FLASH.ld" --specs=nosys.specs -Wl,-Map="Proyecto Trabajo.map" -Wl,--gc-sections -static --specs=nano.specs -mfpu=fpv4-sp-d16 -mfloat-abi=hard -mthumb -Wl,--start-group -lc -lm -lstdc++ -lsupc++ -Wl,--end-group
Finished building target: Proyecto Trabajo.elf
 
arm-none-eabi-size  Proyecto\ Trabajo.elf 
arm-none-eabi-objdump -h -S Proyecto\ Trabajo.elf  > "Proyecto Trabajo.list"
   text	   data	    bss	    dec	    hex	filename
  52068	    144	   4464	  56676	   dd64	Proyecto Trabajo.elf
Finished building: default.size.stdout
 
Finished building: Proyecto Trabajo.list
 
