02:01:11 **** Incremental Build of configuration Debug for project Proyecto Trabajo ****
make -j4 all 
arm-none-eabi-gcc "../USB_HOST/App/usb_host.c" -mcpu=cortex-m4 -std=gnu11 -g3 -DDEBUG -DUSE_HAL_DRIVER -DSTM32F411xE -c -I../USB_HOST/App -I../USB_HOST/Target -I../Core/Inc -I../Drivers/STM32F4xx_HAL_Driver/Inc -I../Drivers/STM32F4xx_HAL_Driver/Inc/Legacy -I../Middlewares/ST/STM32_USB_Host_Library/Core/Inc -I../Drivers/CMSIS/Device/ST/STM32F4xx/Include -I../Drivers/CMSIS/Include -I../FATFS/Target -I../FATFS/App -I../Middlewares/Third_Party/FatFs/src -I../Middlewares/ST/STM32_USB_Host_Library/Class/MSC/Inc -O0 -ffunction-sections -fdata-sections -Wall -fstack-usage -fcyclomatic-complexity -MMD -MP -MF"USB_HOST/App/usb_host.d" -MT"USB_HOST/App/usb_host.o" --specs=nano.specs -mfpu=fpv4-sp-d16 -mfloat-abi=hard -mthumb -o "USB_HOST/App/usb_host.o"
../USB_HOST/App/usb_host.c: In function 'scanMp3Music':
../USB_HOST/App/usb_host.c:84:40: warning: too many arguments for format [-Wformat-extra-args]
   84 |                                 printf("Se han encontrado &d canciones.\n", numf);
      |                                        ^~~~~~~~~~~~~~~~~~~~~~~~~~~~~~~~~~~
../USB_HOST/App/usb_host.c:87:25: warning: passing argument 1 of 'f_close' from incompatible pointer type [-Wincompatible-pointer-types]
   87 |                 f_close(&dir);
      |                         ^~~~
      |                         |
      |                         DIR *
In file included from ../USB_HOST/App/usb_host.c:26:
../Middlewares/Third_Party/FatFs/src/ff.h:243:23: note: expected 'FIL *' but argument is of type 'DIR *'
  243 | FRESULT f_close (FIL* fp);                                                                                      /* Close an open file object */
      |                  ~~~~~^~
arm-none-eabi-g++ -o "Proyecto Trabajo.elf" @"objects.list"   -mcpu=cortex-m4 -T"D:\Trabajo-SED-Micros\Proyecto Trabajo\STM32F411VETX_FLASH.ld" --specs=nosys.specs -Wl,-Map="Proyecto Trabajo.map" -Wl,--gc-sections -static --specs=nano.specs -mfpu=fpv4-sp-d16 -mfloat-abi=hard -mthumb -Wl,--start-group -lc -lm -lstdc++ -lsupc++ -Wl,--end-group
Finished building target: Proyecto Trabajo.elf
 
arm-none-eabi-size  Proyecto\ Trabajo.elf 
arm-none-eabi-objdump -h -S Proyecto\ Trabajo.elf  > "Proyecto Trabajo.list"
   text	   data	    bss	    dec	    hex	filename
  52068	    144	   4464	  56676	   dd64	Proyecto Trabajo.elf
Finished building: default.size.stdout
 
Finished building: Proyecto Trabajo.list
 

02:01:14 Build Finished. 0 errors, 2 warnings. (took 2s.451ms)

